2026-03-01 19:51:02,692 [INFO] Activator:176 - 


2026-03-01 19:51:02,693 [INFO] Activator:177 - !SESSION log4j initialized
2026-03-01 19:51:04,273 [INFO] LogOutputStream:77 - [STDOUT_REDIRECT] 
2026-03-01 19:51:05,969 [INFO] ApplicationProperties:184 - Using Application install path: /opt/st/stm32cubeide_1.19.0/plugins/com.st.stm32cube.common.mx_6.15.0.202507011659
2026-03-01 19:51:05,980 [INFO] DbMcusXml:78 - Set database path to: /opt/st/stm32cubeide_1.19.0/plugins/com.st.stm32cube.common.mx_6.15.0.202507011659//db//mcu/
2026-03-01 19:51:05,980 [INFO] ApiDb:274 - Set plugin database path to: /opt/st/stm32cubeide_1.19.0/plugins/com.st.stm32cube.common.mx_6.15.0.202507011659//db//plugins/boardmanager/
2026-03-01 19:51:05,981 [WARN] ApiDb:259 - Overriding images path with different value:  => /opt/st/stm32cubeide_1.19.0/plugins/com.st.stm32cube.common.mx_6.15.0.202507011659//db//plugins/mcufinder/images/
2026-03-01 19:51:05,983 [INFO] ApiDb:250 - Set database path to: /home/marcin/.stmcufinder/plugins/mcufinder//mcu/
2026-03-01 19:51:05,984 [INFO] DbMcusAds:125 - Set database path to: /home/marcin/.stmcufinder/plugins/mcufinder//mcu/
2026-03-01 19:51:05,985 [INFO] CrossReferenceDbSqlite:203 - Set database path to: /home/marcin/.stmcufinder/plugins/mcufinder//mcu/cs/
2026-03-01 19:51:06,066 [INFO] RulesReader:64 - Compatibility file has been processed (317 Rules)
2026-03-01 19:51:06,112 [INFO] DbMcusXml:78 - Set database path to: /opt/st/stm32cubeide_1.19.0/plugins/com.st.stm32cube.common.mx_6.15.0.202507011659//db//mcu/
2026-03-01 19:51:06,112 [INFO] ApiDb:274 - Set plugin database path to: /opt/st/stm32cubeide_1.19.0/plugins/com.st.stm32cube.common.mx_6.15.0.202507011659//db//plugins/boardmanager/
2026-03-01 19:51:06,112 [INFO] ApiDb:261 - Set plugin images path to: /opt/st/stm32cubeide_1.19.0/plugins/com.st.stm32cube.common.mx_6.15.0.202507011659//db//plugins/mcufinder/images/
2026-03-01 19:51:06,112 [WARN] DbFile:41 - Overriding database path with different value: /home/marcin/.stmcufinder/plugins/mcufinder/ => /home/marcin/.stmcufinder/plugins/mcufinder
2026-03-01 19:51:06,113 [INFO] ApiDb:250 - Set database path to: /home/marcin/.stmcufinder/plugins/mcufinder//mcu/
2026-03-01 19:51:06,113 [WARN] DbFile:41 - Overriding database path with different value: /home/marcin/.stmcufinder/plugins/mcufinder/ => /home/marcin/.stmcufinder/plugins/mcufinder
2026-03-01 19:51:06,113 [INFO] DbMcusAds:125 - Set database path to: /home/marcin/.stmcufinder/plugins/mcufinder//mcu/
2026-03-01 19:51:06,113 [WARN] DbFile:41 - Overriding database path with different value: /home/marcin/.stmcufinder/plugins/mcufinder/ => /home/marcin/.stmcufinder/plugins/mcufinder
2026-03-01 19:51:06,113 [WARN] DbFile:41 - Overriding database path with different value: /home/marcin/.stmcufinder/plugins/mcufinder/ => /home/marcin/.stmcufinder/plugins/mcufinder
2026-03-01 19:51:06,113 [INFO] CrossReferenceDbSqlite:203 - Set database path to: /home/marcin/.stmcufinder/plugins/mcufinder//mcu/cs/
2026-03-01 19:51:06,156 [INFO] MainPanel:274 - HeapMemory: 268435456
2026-03-01 19:51:06,238 [INFO] DbMcusXml:78 - Set database path to: /opt/st/stm32cubeide_1.19.0/plugins/com.st.stm32cube.common.mx_6.15.0.202507011659//db//mcu/
2026-03-01 19:51:06,238 [INFO] ApiDb:274 - Set plugin database path to: /opt/st/stm32cubeide_1.19.0/plugins/com.st.stm32cube.common.mx_6.15.0.202507011659//db//plugins/boardmanager/
2026-03-01 19:51:06,239 [INFO] ApiDb:261 - Set plugin images path to: /opt/st/stm32cubeide_1.19.0/plugins/com.st.stm32cube.common.mx_6.15.0.202507011659//db//plugins/mcufinder/images/
2026-03-01 19:51:06,239 [WARN] DbFile:41 - Overriding database path with different value: /home/marcin/.stmcufinder/plugins/mcufinder/ => /home/marcin/.stmcufinder/plugins/mcufinder
2026-03-01 19:51:06,239 [INFO] ApiDb:250 - Set database path to: /home/marcin/.stmcufinder/plugins/mcufinder//mcu/
2026-03-01 19:51:06,239 [WARN] DbFile:41 - Overriding database path with different value: /home/marcin/.stmcufinder/plugins/mcufinder/ => /home/marcin/.stmcufinder/plugins/mcufinder
2026-03-01 19:51:06,239 [INFO] DbMcusAds:125 - Set database path to: /home/marcin/.stmcufinder/plugins/mcufinder//mcu/
2026-03-01 19:51:06,239 [WARN] DbFile:41 - Overriding database path with different value: /home/marcin/.stmcufinder/plugins/mcufinder/ => /home/marcin/.stmcufinder/plugins/mcufinder
2026-03-01 19:51:06,239 [WARN] DbFile:41 - Overriding database path with different value: /home/marcin/.stmcufinder/plugins/mcufinder/ => /home/marcin/.stmcufinder/plugins/mcufinder
2026-03-01 19:51:06,240 [INFO] CrossReferenceDbSqlite:203 - Set database path to: /home/marcin/.stmcufinder/plugins/mcufinder//mcu/cs/
2026-03-01 19:51:06,252 [INFO] ApplicationProperties:184 - Using Application install path: /opt/st/stm32cubeide_1.19.0/plugins/com.st.stm32cube.common.mx_6.15.0.202507011659
2026-03-01 19:51:06,253 [INFO] PluginManage:196 - Search for loadable plugins [exclusion list=, ]
2026-03-01 19:51:06,254 [INFO] PluginManage:310 - Check plugin analytics
2026-03-01 19:51:06,433 [INFO] AnalyticsPlugin:253 - Accepted Software Licenses: 
2026-03-01 19:51:06,434 [INFO] AnalyticsPlugin:255 - Accepted CMSIS Pack Licenses: 
2026-03-01 19:51:06,434 [INFO] AnalyticsPlugin:257 - Accepted Firmware Licenses: 
2026-03-01 19:51:06,436 [INFO] PluginManage:359 - Loaded plugin analytics (category:tool,tabindex:-1)
2026-03-01 19:51:06,436 [INFO] PluginManage:310 - Check plugin cadmodel
2026-03-01 19:51:06,439 [INFO] CADModel:105 - Init CAD model plugin
2026-03-01 19:51:06,439 [INFO] PluginManage:359 - Loaded plugin cadmodel (category:power,tabindex:5)
2026-03-01 19:51:06,440 [INFO] PluginManage:310 - Check plugin clock
2026-03-01 19:51:06,445 [INFO] PluginManage:359 - Loaded plugin clock (category:base,tabindex:2)
2026-03-01 19:51:06,445 [INFO] PluginManage:310 - Check plugin ddr
2026-03-01 19:51:06,447 [INFO] PluginManage:359 - Loaded plugin ddr (category:tool,tabindex:6)
2026-03-01 19:51:06,447 [INFO] PluginManage:310 - Check plugin filemanager
2026-03-01 19:51:06,560 [INFO] PluginManage:359 - Loaded plugin filemanager (category:base,tabindex:10)
2026-03-01 19:51:06,560 [INFO] PluginManage:310 - Check plugin ipmanager
2026-03-01 19:51:06,565 [INFO] PluginManage:359 - Loaded plugin ipmanager (category:base,tabindex:5)
2026-03-01 19:51:06,565 [INFO] PluginManage:310 - Check plugin lpbam
2026-03-01 19:51:06,573 [INFO] PluginManage:359 - Loaded plugin lpbam (category:base,tabindex:0)
2026-03-01 19:51:06,573 [INFO] PluginManage:310 - Check plugin memorymap
2026-03-01 19:51:06,581 [INFO] PluginManage:359 - Loaded plugin memorymap (category:base,tabindex:4)
2026-03-01 19:51:06,582 [INFO] PluginManage:310 - Check plugin pinoutandconfiguration
2026-03-01 19:51:06,587 [INFO] PluginManage:359 - Loaded plugin pinoutandconfiguration (category:base,tabindex:1)
2026-03-01 19:51:06,588 [INFO] PluginManage:310 - Check plugin pinoutconfig
2026-03-01 19:51:06,658 [WARN] SupportedApi:132 - Cannot load RTOS API schema: s4s-elt-must-match.1: The content of 'definitions' must match (annotation?, (simpleType | complexType)?, (unique | key | keyref)*)). A problem was found starting at: attribute.
2026-03-01 19:51:06,768 [INFO] PluginManage:359 - Loaded plugin pinoutconfig (category:base,tabindex:0)
2026-03-01 19:51:06,768 [INFO] PluginManage:310 - Check plugin power
2026-03-01 19:51:06,776 [INFO] PluginManage:359 - Loaded plugin power (category:power,tabindex:4)
2026-03-01 19:51:06,776 [INFO] PluginManage:310 - Check plugin projectmanager
2026-03-01 19:51:06,794 [INFO] PluginManage:359 - Loaded plugin projectmanager (category:projectmanager,tabindex:4)
2026-03-01 19:51:06,794 [INFO] PluginManage:310 - Check plugin rif
2026-03-01 19:51:06,805 [INFO] PluginManage:359 - Loaded plugin rif (category:base,tabindex:3)
2026-03-01 19:51:06,805 [INFO] PluginManage:310 - Check plugin thirdparty
2026-03-01 19:51:06,920 [INFO] PluginManage:359 - Loaded plugin thirdparty (category:base,tabindex:-1)
2026-03-01 19:51:06,920 [INFO] PluginManage:310 - Check plugin tools
2026-03-01 19:51:06,920 [WARN] IntegrityCheckThread:84 - waiting for thirdparty lock release [integrity check]
2026-03-01 19:51:06,920 [INFO] IntegrityCheckThread:86 - entering critical section [integrity check]
2026-03-01 19:51:06,921 [INFO] ThirdPartyUpdaterWithRetryManager:70 - Updater plugin not ready yet. [1/15]
2026-03-01 19:51:06,922 [INFO] PluginManage:359 - Loaded plugin tools (category:base,tabindex:7)
2026-03-01 19:51:06,922 [INFO] PluginManage:310 - Check plugin tutovideos
2026-03-01 19:51:07,072 [INFO] PluginManage:359 - Loaded plugin tutovideos (category:base,tabindex:-1)
2026-03-01 19:51:07,072 [INFO] PluginManage:310 - Check plugin updater
2026-03-01 19:51:07,091 [INFO] PluginManage:359 - Loaded plugin updater (category:base,tabindex:12)
2026-03-01 19:51:07,091 [INFO] PluginManage:310 - Check plugin userauth
2026-03-01 19:51:07,094 [INFO] UserAuth:118 - Init User Auth plugin
2026-03-01 19:51:07,095 [INFO] PluginManage:359 - Loaded plugin userauth (category:base,tabindex:14)
2026-03-01 19:51:07,095 [INFO] PluginManage:283 - PluginManage : Loaded plugins [18]
2026-03-01 19:51:07,226 [INFO] PinOutPanel:1589 - setPackage(No Configuration,No Configuration)
2026-03-01 19:51:07,275 [INFO] CADModel:165 - CPN selected for project level
2026-03-01 19:51:07,275 [INFO] CADModel:114 - Register for checkConnection events
2026-03-01 19:51:07,283 [INFO] IPUIPlugin:80 - create IPUIPlugin
2026-03-01 19:51:07,283 [INFO] PluginManager:220 - loadIPPluginJar : add dfsdm
2026-03-01 19:51:07,287 [INFO] IPUIPlugin:80 - create IPUIPlugin
2026-03-01 19:51:07,287 [INFO] PluginManager:220 - loadIPPluginJar : add extmemmanager
2026-03-01 19:51:07,289 [INFO] IPUIPlugin:80 - create IPUIPlugin
2026-03-01 19:51:07,289 [INFO] PluginManager:220 - loadIPPluginJar : add hash
2026-03-01 19:51:07,291 [INFO] IPUIPlugin:80 - create IPUIPlugin
2026-03-01 19:51:07,291 [INFO] PluginManager:220 - loadIPPluginJar : add i2s
2026-03-01 19:51:07,294 [INFO] IPUIPlugin:80 - create IPUIPlugin
2026-03-01 19:51:07,294 [INFO] PluginManager:220 - loadIPPluginJar : add ipddr
2026-03-01 19:51:07,295 [INFO] IPUIPlugin:80 - create IPUIPlugin
2026-03-01 19:51:07,296 [INFO] PluginManager:220 - loadIPPluginJar : add dma3
2026-03-01 19:51:07,298 [INFO] IPUIPlugin:80 - create IPUIPlugin
2026-03-01 19:51:07,298 [INFO] PluginManager:220 - loadIPPluginJar : add can
2026-03-01 19:51:07,299 [INFO] IPUIPlugin:80 - create IPUIPlugin
2026-03-01 19:51:07,299 [INFO] PluginManager:220 - loadIPPluginJar : add quadspi
2026-03-01 19:51:07,300 [INFO] IPUIPlugin:80 - create IPUIPlugin
2026-03-01 19:51:07,300 [INFO] PluginManager:220 - loadIPPluginJar : add i3c
2026-03-01 19:51:07,306 [INFO] IPUIPlugin:80 - create IPUIPlugin
2026-03-01 19:51:07,306 [INFO] PluginManager:220 - loadIPPluginJar : add stm32_wpan
2026-03-01 19:51:07,307 [INFO] IPUIPlugin:80 - create IPUIPlugin
2026-03-01 19:51:07,307 [INFO] PluginManager:220 - loadIPPluginJar : add genericplugin
2026-03-01 19:51:07,310 [INFO] IPUIPlugin:80 - create IPUIPlugin
2026-03-01 19:51:07,310 [INFO] PluginManager:220 - loadIPPluginJar : add gpio
2026-03-01 19:51:07,311 [INFO] IPUIPlugin:80 - create IPUIPlugin
2026-03-01 19:51:07,311 [INFO] PluginManager:220 - loadIPPluginJar : add ltdc
2026-03-01 19:51:07,312 [INFO] IPUIPlugin:80 - create IPUIPlugin
2026-03-01 19:51:07,313 [INFO] PluginManager:220 - loadIPPluginJar : add radio
2026-03-01 19:51:07,315 [INFO] IPUIPlugin:80 - create IPUIPlugin
2026-03-01 19:51:07,315 [INFO] PluginManager:220 - loadIPPluginJar : add resmgrutility
2026-03-01 19:51:07,316 [INFO] IPUIPlugin:80 - create IPUIPlugin
2026-03-01 19:51:07,316 [INFO] PluginManager:220 - loadIPPluginJar : add tim
2026-03-01 19:51:07,317 [INFO] IPUIPlugin:80 - create IPUIPlugin
2026-03-01 19:51:07,318 [INFO] PluginManager:220 - loadIPPluginJar : add pdm2pcm
2026-03-01 19:51:07,318 [INFO] IPUIPlugin:80 - create IPUIPlugin
2026-03-01 19:51:07,319 [INFO] PluginManager:220 - loadIPPluginJar : add fatfs
2026-03-01 19:51:07,320 [INFO] IPUIPlugin:80 - create IPUIPlugin
2026-03-01 19:51:07,321 [INFO] PluginManager:220 - loadIPPluginJar : add ddr_ctrl_phy
2026-03-01 19:51:07,325 [INFO] IPUIPlugin:80 - create IPUIPlugin
2026-03-01 19:51:07,327 [INFO] PluginManager:220 - loadIPPluginJar : add plateformsettings
2026-03-01 19:51:07,331 [INFO] IPUIPlugin:80 - create IPUIPlugin
2026-03-01 19:51:07,332 [INFO] PluginManager:220 - loadIPPluginJar : add adc
2026-03-01 19:51:07,333 [INFO] IPUIPlugin:80 - create IPUIPlugin
2026-03-01 19:51:07,333 [INFO] PluginManager:220 - loadIPPluginJar : add spi
2026-03-01 19:51:07,335 [INFO] IPUIPlugin:80 - create IPUIPlugin
2026-03-01 19:51:07,335 [INFO] PluginManager:220 - loadIPPluginJar : add lorawan
2026-03-01 19:51:07,339 [INFO] IPUIPlugin:80 - create IPUIPlugin
2026-03-01 19:51:07,339 [INFO] PluginManager:220 - loadIPPluginJar : add mdma
2026-03-01 19:51:07,341 [INFO] IPUIPlugin:80 - create IPUIPlugin
2026-03-01 19:51:07,341 [INFO] PluginManager:220 - loadIPPluginJar : add openamp
2026-03-01 19:51:07,343 [INFO] IPUIPlugin:80 - create IPUIPlugin
2026-03-01 19:51:07,343 [INFO] PluginManager:220 - loadIPPluginJar : add tsc
2026-03-01 19:51:07,345 [INFO] IPUIPlugin:80 - create IPUIPlugin
2026-03-01 19:51:07,345 [INFO] PluginManager:220 - loadIPPluginJar : add gtzc
2026-03-01 19:51:07,347 [INFO] IPUIPlugin:80 - create IPUIPlugin
2026-03-01 19:51:07,347 [INFO] PluginManager:220 - loadIPPluginJar : add usart
2026-03-01 19:51:07,348 [INFO] IPUIPlugin:80 - create IPUIPlugin
2026-03-01 19:51:07,349 [INFO] PluginManager:220 - loadIPPluginJar : add tracer_emb
2026-03-01 19:51:07,352 [INFO] IPUIPlugin:80 - create IPUIPlugin
2026-03-01 19:51:07,352 [INFO] PluginManager:220 - loadIPPluginJar : add fmc
2026-03-01 19:51:07,354 [INFO] IPUIPlugin:80 - create IPUIPlugin
2026-03-01 19:51:07,354 [INFO] PluginManager:220 - loadIPPluginJar : add gfxmmu
2026-03-01 19:51:07,355 [INFO] IPUIPlugin:80 - create IPUIPlugin
2026-03-01 19:51:07,355 [INFO] PluginManager:220 - loadIPPluginJar : add i2c
2026-03-01 19:51:07,358 [INFO] IPUIPlugin:80 - create IPUIPlugin
2026-03-01 19:51:07,358 [INFO] PluginManager:220 - loadIPPluginJar : add sai
2026-03-01 19:51:07,362 [INFO] IPUIPlugin:80 - create IPUIPlugin
2026-03-01 19:51:07,362 [INFO] PluginManager:220 - loadIPPluginJar : add gic
2026-03-01 19:51:07,367 [INFO] IPUIPlugin:80 - create IPUIPlugin
2026-03-01 19:51:07,367 [INFO] PluginManager:220 - loadIPPluginJar : add linkedlist
2026-03-01 19:51:07,368 [INFO] IPUIPlugin:80 - create IPUIPlugin
2026-03-01 19:51:07,368 [INFO] PluginManager:220 - loadIPPluginJar : add ucpd
2026-03-01 19:51:07,370 [INFO] IPUIPlugin:80 - create IPUIPlugin
2026-03-01 19:51:07,370 [INFO] PluginManager:220 - loadIPPluginJar : add usbx
2026-03-01 19:51:07,372 [INFO] IPUIPlugin:80 - create IPUIPlugin
2026-03-01 19:51:07,372 [INFO] PluginManager:220 - loadIPPluginJar : add nvic
2026-03-01 19:51:07,375 [INFO] IPUIPlugin:80 - create IPUIPlugin
2026-03-01 19:51:07,375 [INFO] PluginManager:220 - loadIPPluginJar : add opamp
2026-03-01 19:51:07,376 [INFO] IPUIPlugin:80 - create IPUIPlugin
2026-03-01 19:51:07,376 [INFO] PluginManager:220 - loadIPPluginJar : add ts
2026-03-01 19:51:07,381 [INFO] IPUIPlugin:80 - create IPUIPlugin
2026-03-01 19:51:07,381 [INFO] PluginManager:220 - loadIPPluginJar : add dma
2026-03-01 19:51:07,382 [INFO] IPUIPlugin:80 - create IPUIPlugin
2026-03-01 19:51:07,382 [INFO] PluginManager:220 - loadIPPluginJar : add aes
2026-03-01 19:51:07,384 [INFO] IPUIPlugin:80 - create IPUIPlugin
2026-03-01 19:51:07,384 [INFO] PluginManager:220 - loadIPPluginJar : add cryp
2026-03-01 19:51:07,385 [INFO] IPUIPlugin:80 - create IPUIPlugin
2026-03-01 19:51:07,385 [INFO] PluginManager:220 - loadIPPluginJar : add comp
2026-03-01 19:51:07,387 [INFO] IPUIPlugin:80 - create IPUIPlugin
2026-03-01 19:51:07,387 [INFO] PluginManager:220 - loadIPPluginJar : add touchsensing
2026-03-01 19:51:07,391 [INFO] IPUIPlugin:80 - create IPUIPlugin
2026-03-01 19:51:07,391 [INFO] PluginManager:220 - loadIPPluginJar : add freertos
2026-03-01 19:51:07,491 [FATAL] Updater:351 - Updater called before beeing initialized
2026-03-01 19:51:07,513 [INFO] RulesReader:64 - Compatibility file has been processed (317 Rules)
2026-03-01 19:51:07,523 [INFO] RulesReader:64 - Compatibility file has been processed (317 Rules)
2026-03-01 19:51:07,528 [INFO] CADModel:165 - CPN selected for project level
2026-03-01 19:51:07,529 [INFO] CADModel:114 - Register for checkConnection events
2026-03-01 19:51:07,529 [FATAL] Updater:351 - Updater called before beeing initialized
2026-03-01 19:51:07,529 [ERROR] CADModel:125 - Updater not yet initialized, retry later 
2026-03-01 19:51:07,615 [FATAL] Updater:351 - Updater called before beeing initialized
2026-03-01 19:51:07,616 [INFO] CADModel:165 - CPN selected for project level
2026-03-01 19:51:07,616 [INFO] CADModel:114 - Register for checkConnection events
2026-03-01 19:51:07,616 [FATAL] Updater:351 - Updater called before beeing initialized
2026-03-01 19:51:07,616 [ERROR] CADModel:125 - Updater not yet initialized, retry later 
2026-03-01 19:51:07,619 [FATAL] Updater:351 - Updater called before beeing initialized
2026-03-01 19:51:07,700 [FATAL] Updater:351 - Updater called before beeing initialized
2026-03-01 19:51:07,703 [INFO] DbMcusAds:53 - JSON generation date=Wed Feb 18 15:32:49 CET 2026 (1771425169665)
2026-03-01 19:51:07,703 [FATAL] Updater:351 - Updater called before beeing initialized
2026-03-01 19:51:07,731 [WARN] DetailPanel:346 - Failed to get advertising image, set to default
2026-03-01 19:51:07,793 [FATAL] Updater:351 - Updater called before beeing initialized
2026-03-01 19:51:07,795 [FATAL] Updater:351 - Updater called before beeing initialized
2026-03-01 19:51:07,795 [FATAL] Updater:351 - Updater called before beeing initialized
2026-03-01 19:51:07,795 [WARN] DetailPanel:346 - Failed to get advertising image, set to default
2026-03-01 19:51:07,796 [FATAL] Updater:351 - Updater called before beeing initialized
2026-03-01 19:51:07,822 [ERROR] Updater:1198 - MainUpdater not yet initialized. External WinMGr cannot be set.
2026-03-01 19:51:07,823 [INFO] Updater:1134 - Updater Version found : 6.15.0
2026-03-01 19:51:07,835 [INFO] ApplicationProperties:184 - Using Application install path: /opt/st/stm32cubeide_1.19.0/plugins/com.st.stm32cube.common.mx_6.15.0.202507011659
2026-03-01 19:51:07,844 [ERROR] LogOutputStream:75 - [STDERR_REDIRECT] Mar 01, 2026 7:51:07 PM java.util.prefs.FileSystemPreferences$2 run
2026-03-01 19:51:07,845 [ERROR] LogOutputStream:75 - [STDERR_REDIRECT] WARNING: Could not create system preferences directory. System preferences are unusable.
2026-03-01 19:51:07,845 [ERROR] LogOutputStream:75 - [STDERR_REDIRECT] 
2026-03-01 19:51:08,116 [INFO] MainUpdater:2872 - connection check result : 10
2026-03-01 19:51:08,117 [INFO] MainUpdater:289 - Updater Check For Update Now.
2026-03-01 19:51:08,117 [INFO] MicroXplorer:498 - Change Database Version : DB.6.0.150
2026-03-01 19:51:08,121 [INFO] McuFinderGlobals:63 - Set McuFinder mode to 2 (CubeIDE integrated)
2026-03-01 19:51:08,122 [INFO] UserAuth:487 - Internet connection configuration mode: 1
2026-03-01 19:51:08,140 [INFO] JxBrowserEngine:152 - Initiate JxBrowser Engine with user profile folder
2026-03-01 19:51:08,310 [INFO] CheckServerUpdateThread:120 - End of CheckServer Thread
2026-03-01 19:51:09,501 [INFO] WebApp:169 - Instantiating new browser for Auth
2026-03-01 19:51:10,034 [WARN] PackLoader:240 - Cannot read IP mode file for STMicroelectronics.FP-SNS-MOTENVWB1.1.4.0
2026-03-01 19:51:10,043 [WARN] PackLoader:240 - Cannot read IP mode file for STMicroelectronics.FP-ATR-ASTRA1.2.0.2
2026-03-01 19:51:10,049 [WARN] PackLoader:240 - Cannot read IP mode file for STMicroelectronics.X-CUBE-SMBUS.2.1.0
2026-03-01 19:51:10,053 [WARN] PackLoader:240 - Cannot read IP mode file for STMicroelectronics.X-CUBE-ST60.1.0.0
2026-03-01 19:51:10,081 [WARN] PackLoader:240 - Cannot read IP mode file for STMicroelectronics.X-CUBE-AZRTOS-F7.1.1.0
2026-03-01 19:51:10,088 [WARN] PackLoader:240 - Cannot read IP mode file for STMicroelectronics.FP-SNS-MOTENV1.5.1.0
2026-03-01 19:51:10,095 [WARN] PackLoader:240 - Cannot read IP mode file for WES.I-CUBE-Cesium.1.4.0
2026-03-01 19:51:10,117 [WARN] PackLoader:240 - Cannot read IP mode file for Infineon.AIROC-Wi-Fi-Bluetooth-STM32.1.7.1
2026-03-01 19:51:10,141 [WARN] PackLoader:240 - Cannot read IP mode file for STMicroelectronics.X-CUBE-AZRTOS-H7.3.4.0
2026-03-01 19:51:10,149 [WARN] PackLoader:240 - Cannot read IP mode file for STMicroelectronics.X-CUBE-DISPLAY.3.0.0
2026-03-01 19:51:10,155 [WARN] PackLoader:240 - Cannot read IP mode file for STMicroelectronics.FP-SNS-MOTENVWB1.1.5.0
2026-03-01 19:51:10,160 [WARN] PackLoader:240 - Cannot read IP mode file for STMicroelectronics.X-CUBE-NFC10.1.0.0
2026-03-01 19:51:10,164 [WARN] PackLoader:240 - Cannot read IP mode file for STMicroelectronics.X-CUBE-ST60.1.1.0
2026-03-01 19:51:10,170 [WARN] PackLoader:240 - Cannot read IP mode file for emotas.I-CUBE-CANOPEN.1.3.0
2026-03-01 19:51:10,175 [WARN] PackLoader:240 - Cannot read IP mode file for STMicroelectronics.X-CUBE-GNSS1.7.1.0
2026-03-01 19:51:10,181 [WARN] PackLoader:240 - Cannot read IP mode file for STMicroelectronics.FP-SNS-SMARTAG2.1.2.0
2026-03-01 19:51:10,184 [WARN] PackLoader:240 - Cannot read IP mode file for STMicroelectronics.FP-SNS-FLIGHT1.5.1.0
2026-03-01 19:51:10,195 [INFO] LogOutputStream:77 - [STDOUT_REDIRECT] 1 : Invalid condition id : UX_CORESTACK_Condition cause : null
2026-03-01 19:51:10,195 [INFO] LogOutputStream:77 - [STDOUT_REDIRECT] 1 : Invalid condition id : UX_CORESTACK_Condition cause : null
2026-03-01 19:51:10,196 [INFO] LogOutputStream:77 - [STDOUT_REDIRECT] 1 : Invalid condition id : UX_CORESTACK_Condition cause : null
2026-03-01 19:51:10,196 [INFO] LogOutputStream:77 - [STDOUT_REDIRECT] 1 : Invalid condition id : UX_CORESTACK_Condition cause : null
2026-03-01 19:51:10,196 [INFO] LogOutputStream:77 - [STDOUT_REDIRECT] 1 : Invalid condition id : UX_CORESTACK_Condition cause : null
2026-03-01 19:51:10,201 [WARN] PackLoader:240 - Cannot read IP mode file for STMicroelectronics.X-CUBE-AZRTOS-WL.2.0.0
2026-03-01 19:51:10,207 [WARN] PackLoader:240 - Cannot read IP mode file for STMicroelectronics.FP-SNS-MOTENV1.5.0.0
2026-03-01 19:51:10,247 [WARN] PackLoader:240 - Cannot read IP mode file for STMicroelectronics.X-CUBE-AZRTOS-H7RS.1.2.0
2026-03-01 19:51:10,255 [WARN] PackLoader:240 - Cannot read IP mode file for STMicroelectronics.X-CUBE-BLE2.3.3.0
2026-03-01 19:51:10,273 [WARN] PackLoader:240 - Cannot read IP mode file for STMicroelectronics.X-CUBE-NFC9.1.0.0
2026-03-01 19:51:10,277 [WARN] PackLoader:240 - Cannot read IP mode file for wolfSSL.I-CUBE-wolfSSL.5.8.2
2026-03-01 19:51:10,281 [WARN] PackLoader:240 - Cannot read IP mode file for STMicroelectronics.X-CUBE-BLE1.7.1.0
2026-03-01 19:51:10,284 [WARN] PackLoader:240 - Cannot read IP mode file for wolfSSL.I-CUBE-wolfMQTT.1.19.2
2026-03-01 19:51:10,288 [WARN] PackLoader:240 - Cannot read IP mode file for STMicroelectronics.X-CUBE-FREERTOS.1.4.0
2026-03-01 19:51:10,293 [WARN] PackLoader:240 - Cannot read IP mode file for STMicroelectronics.X-CUBE-ST67W61.1.1.0
2026-03-01 19:51:10,296 [WARN] PackLoader:240 - Cannot read IP mode file for STMicroelectronics.X-CUBE-AI.10.1.0
2026-03-01 19:51:10,347 [WARN] PackLoader:240 - Cannot read IP mode file for STMicroelectronics.X-CUBE-MEMS1.12.0.0
2026-03-01 19:51:10,402 [INFO] WebApp:463 - Apply proxy settings
2026-03-01 19:51:10,403 [INFO] WebApp:548 - Chromium requires no authentication
2026-03-01 19:51:10,415 [INFO] WebApp:491 - Direct internet connection detected
2026-03-01 19:51:10,443 [INFO] WebApp:900 - Register for checkConnection events
2026-03-01 19:51:10,443 [INFO] WebApp:463 - Apply proxy settings
2026-03-01 19:51:10,444 [INFO] WebApp:548 - Chromium requires no authentication
2026-03-01 19:51:10,445 [INFO] WebApp:491 - Direct internet connection detected
2026-03-01 19:51:10,472 [WARN] PackLoader:240 - Cannot read IP mode file for STMicroelectronics.X-CUBE-AZRTOS-G0.1.1.0
2026-03-01 19:51:10,478 [WARN] PackLoader:240 - Cannot read IP mode file for STMicroelectronics.X-CUBE-SAFEA1.1.2.2
2026-03-01 19:51:10,483 [WARN] PackLoader:240 - Cannot read IP mode file for STMicroelectronics.X-CUBE-NFC4.3.0.0
2026-03-01 19:51:10,490 [WARN] PackLoader:240 - Cannot read IP mode file for EmbeddedOffice.I-CUBE-FS-RTOS.1.0.1
2026-03-01 19:51:10,494 [WARN] PackLoader:240 - Cannot read IP mode file for STMicroelectronics.X-CUBE-WB05N.2.0.0
2026-03-01 19:51:10,499 [WARN] PackLoader:240 - Cannot read IP mode file for wolfSSL.I-CUBE-wolfTPM.3.8.0
2026-03-01 19:51:10,504 [WARN] PackLoader:240 - Cannot read IP mode file for STMicroelectronics.X-CUBE-TCPP.4.2.0
2026-03-01 19:51:10,508 [WARN] PackLoader:240 - Cannot read IP mode file for RealThread.X-CUBE-RT-Thread_Nano.4.1.1
2026-03-01 19:51:10,512 [WARN] PackLoader:240 - Cannot read IP mode file for STMicroelectronics.FP-ATR-SIGFOX1.3.2.0
2026-03-01 19:51:10,516 [WARN] PackLoader:240 - Cannot read IP mode file for ITTIA_DB.I-CUBE-ITTIADB.8.9.0
2026-03-01 19:51:10,529 [WARN] PackLoader:240 - Cannot read IP mode file for STMicroelectronics.X-CUBE-NFC6.3.2.0
2026-03-01 19:51:10,539 [WARN] PackLoader:240 - Cannot read IP mode file for STMicroelectronics.X-CUBE-ST67W61.1.0.0
2026-03-01 19:51:10,581 [WARN] PackLoader:240 - Cannot read IP mode file for SEGGER.I-CUBE-embOS.1.3.1
2026-03-01 19:51:10,676 [WARN] PackLoader:240 - Cannot read IP mode file for STMicroelectronics.X-CUBE-ALGOBUILD.1.4.0
2026-03-01 19:51:10,691 [INFO] WebApp:225 - Starting web application
2026-03-01 19:51:10,691 [INFO] WebApp:593 - Web application path used /opt/st/stm32cubeide_1.19.0/plugins/com.st.stm32cube.common.mx_6.15.0.202507011659/db/plugins/mcufinder/reactClient1/index.html
2026-03-01 19:51:10,725 [INFO] WebApp:191 - Connection restablished
2026-03-01 19:51:10,744 [WARN] PackLoader:240 - Cannot read IP mode file for STMicroelectronics.X-CUBE-MEMS1.11.3.0
2026-03-01 19:51:10,908 [WARN] PackLoader:240 - Cannot read IP mode file for STMicroelectronics.X-CUBE-PM33A1.1.0.0
2026-03-01 19:51:10,933 [WARN] PackLoader:240 - Cannot read IP mode file for STMicroelectronics.X-CUBE-AZRTOS-F4.1.1.0
2026-03-01 19:51:10,938 [INFO] UserAuth:487 - Internet connection configuration mode: 1
2026-03-01 19:51:10,939 [WARN] PackLoader:240 - Cannot read IP mode file for Avnet-IotConnect.X-CUBE-IoTC-DA16k-PMOD.1.0.0
2026-03-01 19:51:10,942 [WARN] PackLoader:240 - Cannot read IP mode file for STMicroelectronics.X-CUBE-ISPU.2.1.0
2026-03-01 19:51:10,968 [WARN] PackLoader:240 - Cannot read IP mode file for STMicroelectronics.X-CUBE-IPS.3.2.0
2026-03-01 19:51:10,987 [WARN] PackLoader:240 - Cannot read IP mode file for STMicroelectronics.X-CUBE-AZRTOS-L5.2.0.0
2026-03-01 19:51:11,001 [WARN] PackLoader:240 - Cannot read IP mode file for STMicroelectronics.X-CUBE-NFC6.3.1.0
2026-03-01 19:51:11,010 [WARN] PackLoader:240 - Cannot read IP mode file for STMicroelectronics.X-CUBE-FREERTOS.1.3.1
2026-03-01 19:51:11,018 [WARN] PackLoader:240 - Cannot read IP mode file for STMicroelectronics.X-CUBE-TOUCHGFX.4.26.0
2026-03-01 19:51:11,025 [WARN] PackLoader:240 - Cannot read IP mode file for STMicroelectronics.X-CUBE-DPower.1.3.0
2026-03-01 19:51:11,047 [WARN] ConditionMgr:438 - getConditionDescription Invalid condition id : LAN8742 Phy interface Condition cause : null
2026-03-01 19:51:11,048 [WARN] PackLoader:240 - Cannot read IP mode file for STMicroelectronics.X-CUBE-AZRTOS-L4.2.0.0
2026-03-01 19:51:11,050 [WARN] ConditionMgr:1044 - genDependencies : Invalid condition id : LAN8742 Phy interface Condition cause : null
2026-03-01 19:51:11,050 [WARN] ConditionMgr:1044 - genDependencies : Invalid condition id : LAN8742 Phy interface Condition cause : null
2026-03-01 19:51:11,051 [WARN] ConditionMgr:1044 - genDependencies : Invalid condition id : LAN8742 Phy interface Condition cause : null
2026-03-01 19:51:11,061 [WARN] PackLoader:240 - Cannot read IP mode file for STMicroelectronics.X-CUBE-SFXS2LP1.4.0.0
2026-03-01 19:51:11,068 [WARN] PackLoader:240 - Cannot read IP mode file for STMicroelectronics.X-CUBE-ST67W61.1.2.0
2026-03-01 19:51:11,098 [WARN] ConditionMgr:438 - getConditionDescription Invalid condition id : UX DEVICE CLASS RTOS Condition cause : null
2026-03-01 19:51:11,098 [WARN] ConditionMgr:438 - getConditionDescription Invalid condition id : UX DEVICE CLASS RTOS Condition cause : null
2026-03-01 19:51:11,101 [WARN] PackLoader:240 - Cannot read IP mode file for STMicroelectronics.X-CUBE-AZRTOS-WB.2.0.0
2026-03-01 19:51:11,102 [WARN] ConditionMgr:1044 - genDependencies : Invalid condition id : UX DEVICE CLASS RTOS Condition cause : null
2026-03-01 19:51:11,102 [WARN] ConditionMgr:1044 - genDependencies : Invalid condition id : UX DEVICE CLASS RTOS Condition cause : null
2026-03-01 19:51:11,103 [WARN] ConditionMgr:1044 - genDependencies : Invalid condition id : UX DEVICE CLASS RTOS Condition cause : null
2026-03-01 19:51:11,103 [WARN] ConditionMgr:1044 - genDependencies : Invalid condition id : UX DEVICE CLASS RTOS Condition cause : null
2026-03-01 19:51:11,103 [WARN] ConditionMgr:1044 - genDependencies : Invalid condition id : UX DEVICE CLASS RTOS Condition cause : null
2026-03-01 19:51:11,108 [WARN] PackLoader:240 - Cannot read IP mode file for STMicroelectronics.X-CUBE-GNSS1.7.0.1
2026-03-01 19:51:11,111 [WARN] PackLoader:240 - Cannot read IP mode file for STMicroelectronics.X-CUBE-TOUCHGFX.4.25.0
2026-03-01 19:51:11,116 [WARN] PackLoader:240 - Cannot read IP mode file for STMicroelectronics.FP-SNS-STBOX1.2.0.0
2026-03-01 19:51:11,121 [WARN] ConditionMgr:438 - getConditionDescription Invalid condition id : Cortex-A Device cause : null
2026-03-01 19:51:11,128 [WARN] ConditionMgr:1044 - genDependencies : Invalid condition id : Cortex-A Device cause : null
2026-03-01 19:51:11,128 [WARN] ConditionMgr:1044 - genDependencies : Invalid condition id : Cortex-A Device cause : null
2026-03-01 19:51:11,129 [WARN] ConditionMgr:1044 - genDependencies : Invalid condition id : Cortex-A Device cause : null
2026-03-01 19:51:11,134 [WARN] PackLoader:240 - Cannot read IP mode file for STMicroelectronics.X-CUBE-STSE01.2.0.0
2026-03-01 19:51:11,145 [WARN] PackLoader:240 - Cannot read IP mode file for STMicroelectronics.X-CUBE-SUBG2.5.0.0
2026-03-01 19:51:11,167 [WARN] PackLoader:240 - Cannot read IP mode file for STMicroelectronics.X-CUBE-AZRTOS-H7RS.1.1.0
2026-03-01 19:51:11,172 [WARN] PackLoader:240 - Cannot read IP mode file for Cesanta.I-CUBE-Mongoose.7.13.0
2026-03-01 19:51:11,185 [WARN] PackLoader:240 - Cannot read IP mode file for STMicroelectronics.X-CUBE-AZRTOS-G4.2.0.0
2026-03-01 19:51:11,190 [WARN] PackLoader:240 - Cannot read IP mode file for wolfSSL.I-CUBE-wolfSSH.1.4.20
2026-03-01 19:51:11,194 [WARN] PackLoader:240 - Cannot read IP mode file for STMicroelectronics.X-CUBE-NFC7.2.0.0
2026-03-01 19:51:11,207 [WARN] PackLoader:240 - Cannot read IP mode file for STMicroelectronics.X-CUBE-IPS.3.1.0
2026-03-01 19:51:11,216 [WARN] PackLoader:240 - Cannot read IP mode file for STMicroelectronics.X-CUBE-ALS.1.0.2
2026-03-01 19:51:11,221 [WARN] PackLoader:240 - Cannot read IP mode file for STMicroelectronics.X-CUBE-STSE01.1.0.0
2026-03-01 19:51:11,235 [WARN] PackLoader:240 - Cannot read IP mode file for STMicroelectronics.X-CUBE-TOF1.3.4.3
2026-03-01 19:51:11,246 [INFO] ThirdParty:978 - Integrity check success = true
2026-03-01 19:51:11,247 [INFO] IntegrityCheckThread:100 - exiting critical section [integrity check]
2026-03-01 19:51:11,247 [INFO] IntegrityCheckThread:103 - End integrity checks thread
2026-03-01 19:51:14,883 [ERROR] LogOutputStream:75 - [STDERR_REDIRECT] 
2026-03-01 19:51:14,885 [ERROR] LogOutputStream:75 - [STDERR_REDIRECT] 
2026-03-01 20:03:05,286 [INFO] Activator:176 - 


2026-03-01 20:03:05,288 [INFO] Activator:177 - !SESSION log4j initialized
2026-03-01 20:03:06,926 [INFO] LogOutputStream:77 - [STDOUT_REDIRECT] 
2026-03-01 20:03:08,492 [INFO] ApplicationProperties:184 - Using Application install path: /opt/st/stm32cubeide_1.19.0/plugins/com.st.stm32cube.common.mx_6.15.0.202507011659
2026-03-01 20:03:08,503 [INFO] DbMcusXml:78 - Set database path to: /opt/st/stm32cubeide_1.19.0/plugins/com.st.stm32cube.common.mx_6.15.0.202507011659//db//mcu/
2026-03-01 20:03:08,503 [INFO] ApiDb:274 - Set plugin database path to: /opt/st/stm32cubeide_1.19.0/plugins/com.st.stm32cube.common.mx_6.15.0.202507011659//db//plugins/boardmanager/
2026-03-01 20:03:08,503 [WARN] ApiDb:259 - Overriding images path with different value:  => /opt/st/stm32cubeide_1.19.0/plugins/com.st.stm32cube.common.mx_6.15.0.202507011659//db//plugins/mcufinder/images/
2026-03-01 20:03:08,506 [INFO] ApiDb:250 - Set database path to: /home/marcin/.stmcufinder/plugins/mcufinder//mcu/
2026-03-01 20:03:08,506 [INFO] DbMcusAds:125 - Set database path to: /home/marcin/.stmcufinder/plugins/mcufinder//mcu/
2026-03-01 20:03:08,508 [INFO] CrossReferenceDbSqlite:203 - Set database path to: /home/marcin/.stmcufinder/plugins/mcufinder//mcu/cs/
2026-03-01 20:03:08,612 [INFO] RulesReader:64 - Compatibility file has been processed (317 Rules)
2026-03-01 20:03:08,669 [INFO] DbMcusXml:78 - Set database path to: /opt/st/stm32cubeide_1.19.0/plugins/com.st.stm32cube.common.mx_6.15.0.202507011659//db//mcu/
2026-03-01 20:03:08,669 [INFO] ApiDb:274 - Set plugin database path to: /opt/st/stm32cubeide_1.19.0/plugins/com.st.stm32cube.common.mx_6.15.0.202507011659//db//plugins/boardmanager/
2026-03-01 20:03:08,669 [INFO] ApiDb:261 - Set plugin images path to: /opt/st/stm32cubeide_1.19.0/plugins/com.st.stm32cube.common.mx_6.15.0.202507011659//db//plugins/mcufinder/images/
2026-03-01 20:03:08,669 [WARN] DbFile:41 - Overriding database path with different value: /home/marcin/.stmcufinder/plugins/mcufinder/ => /home/marcin/.stmcufinder/plugins/mcufinder
2026-03-01 20:03:08,670 [INFO] ApiDb:250 - Set database path to: /home/marcin/.stmcufinder/plugins/mcufinder//mcu/
2026-03-01 20:03:08,670 [WARN] DbFile:41 - Overriding database path with different value: /home/marcin/.stmcufinder/plugins/mcufinder/ => /home/marcin/.stmcufinder/plugins/mcufinder
2026-03-01 20:03:08,670 [INFO] DbMcusAds:125 - Set database path to: /home/marcin/.stmcufinder/plugins/mcufinder//mcu/
2026-03-01 20:03:08,670 [WARN] DbFile:41 - Overriding database path with different value: /home/marcin/.stmcufinder/plugins/mcufinder/ => /home/marcin/.stmcufinder/plugins/mcufinder
2026-03-01 20:03:08,670 [WARN] DbFile:41 - Overriding database path with different value: /home/marcin/.stmcufinder/plugins/mcufinder/ => /home/marcin/.stmcufinder/plugins/mcufinder
2026-03-01 20:03:08,670 [INFO] CrossReferenceDbSqlite:203 - Set database path to: /home/marcin/.stmcufinder/plugins/mcufinder//mcu/cs/
2026-03-01 20:03:08,721 [INFO] MainPanel:274 - HeapMemory: 268435456
2026-03-01 20:03:08,810 [INFO] DbMcusXml:78 - Set database path to: /opt/st/stm32cubeide_1.19.0/plugins/com.st.stm32cube.common.mx_6.15.0.202507011659//db//mcu/
2026-03-01 20:03:08,810 [INFO] ApiDb:274 - Set plugin database path to: /opt/st/stm32cubeide_1.19.0/plugins/com.st.stm32cube.common.mx_6.15.0.202507011659//db//plugins/boardmanager/
2026-03-01 20:03:08,810 [INFO] ApiDb:261 - Set plugin images path to: /opt/st/stm32cubeide_1.19.0/plugins/com.st.stm32cube.common.mx_6.15.0.202507011659//db//plugins/mcufinder/images/
2026-03-01 20:03:08,810 [WARN] DbFile:41 - Overriding database path with different value: /home/marcin/.stmcufinder/plugins/mcufinder/ => /home/marcin/.stmcufinder/plugins/mcufinder
2026-03-01 20:03:08,810 [INFO] ApiDb:250 - Set database path to: /home/marcin/.stmcufinder/plugins/mcufinder//mcu/
2026-03-01 20:03:08,810 [WARN] DbFile:41 - Overriding database path with different value: /home/marcin/.stmcufinder/plugins/mcufinder/ => /home/marcin/.stmcufinder/plugins/mcufinder
2026-03-01 20:03:08,811 [INFO] DbMcusAds:125 - Set database path to: /home/marcin/.stmcufinder/plugins/mcufinder//mcu/
2026-03-01 20:03:08,811 [WARN] DbFile:41 - Overriding database path with different value: /home/marcin/.stmcufinder/plugins/mcufinder/ => /home/marcin/.stmcufinder/plugins/mcufinder
2026-03-01 20:03:08,811 [WARN] DbFile:41 - Overriding database path with different value: /home/marcin/.stmcufinder/plugins/mcufinder/ => /home/marcin/.stmcufinder/plugins/mcufinder
2026-03-01 20:03:08,811 [INFO] CrossReferenceDbSqlite:203 - Set database path to: /home/marcin/.stmcufinder/plugins/mcufinder//mcu/cs/
2026-03-01 20:03:08,823 [INFO] ApplicationProperties:184 - Using Application install path: /opt/st/stm32cubeide_1.19.0/plugins/com.st.stm32cube.common.mx_6.15.0.202507011659
2026-03-01 20:03:08,824 [INFO] PluginManage:196 - Search for loadable plugins [exclusion list=, ]
2026-03-01 20:03:08,825 [INFO] PluginManage:310 - Check plugin analytics
2026-03-01 20:03:08,982 [INFO] AnalyticsPlugin:253 - Accepted Software Licenses: 
2026-03-01 20:03:08,982 [INFO] AnalyticsPlugin:255 - Accepted CMSIS Pack Licenses: 
2026-03-01 20:03:08,982 [INFO] AnalyticsPlugin:257 - Accepted Firmware Licenses: 
2026-03-01 20:03:08,984 [INFO] PluginManage:359 - Loaded plugin analytics (category:tool,tabindex:-1)
2026-03-01 20:03:08,985 [INFO] PluginManage:310 - Check plugin cadmodel
2026-03-01 20:03:08,987 [INFO] CADModel:105 - Init CAD model plugin
2026-03-01 20:03:08,987 [INFO] PluginManage:359 - Loaded plugin cadmodel (category:power,tabindex:5)
2026-03-01 20:03:08,987 [INFO] PluginManage:310 - Check plugin clock
2026-03-01 20:03:08,993 [INFO] PluginManage:359 - Loaded plugin clock (category:base,tabindex:2)
2026-03-01 20:03:08,994 [INFO] PluginManage:310 - Check plugin ddr
2026-03-01 20:03:08,995 [INFO] PluginManage:359 - Loaded plugin ddr (category:tool,tabindex:6)
2026-03-01 20:03:08,995 [INFO] PluginManage:310 - Check plugin filemanager
2026-03-01 20:03:09,117 [INFO] PluginManage:359 - Loaded plugin filemanager (category:base,tabindex:10)
2026-03-01 20:03:09,117 [INFO] PluginManage:310 - Check plugin ipmanager
2026-03-01 20:03:09,123 [INFO] PluginManage:359 - Loaded plugin ipmanager (category:base,tabindex:5)
2026-03-01 20:03:09,123 [INFO] PluginManage:310 - Check plugin lpbam
2026-03-01 20:03:09,134 [INFO] PluginManage:359 - Loaded plugin lpbam (category:base,tabindex:0)
2026-03-01 20:03:09,134 [INFO] PluginManage:310 - Check plugin memorymap
2026-03-01 20:03:09,147 [INFO] PluginManage:359 - Loaded plugin memorymap (category:base,tabindex:4)
2026-03-01 20:03:09,147 [INFO] PluginManage:310 - Check plugin pinoutandconfiguration
2026-03-01 20:03:09,155 [INFO] PluginManage:359 - Loaded plugin pinoutandconfiguration (category:base,tabindex:1)
2026-03-01 20:03:09,155 [INFO] PluginManage:310 - Check plugin pinoutconfig
2026-03-01 20:03:09,243 [WARN] SupportedApi:132 - Cannot load RTOS API schema: s4s-elt-must-match.1: The content of 'definitions' must match (annotation?, (simpleType | complexType)?, (unique | key | keyref)*)). A problem was found starting at: attribute.
2026-03-01 20:03:09,335 [INFO] PluginManage:359 - Loaded plugin pinoutconfig (category:base,tabindex:0)
2026-03-01 20:03:09,335 [INFO] PluginManage:310 - Check plugin power
2026-03-01 20:03:09,341 [INFO] PluginManage:359 - Loaded plugin power (category:power,tabindex:4)
2026-03-01 20:03:09,342 [INFO] PluginManage:310 - Check plugin projectmanager
2026-03-01 20:03:09,355 [INFO] PluginManage:359 - Loaded plugin projectmanager (category:projectmanager,tabindex:4)
2026-03-01 20:03:09,355 [INFO] PluginManage:310 - Check plugin rif
2026-03-01 20:03:09,360 [INFO] PluginManage:359 - Loaded plugin rif (category:base,tabindex:3)
2026-03-01 20:03:09,360 [INFO] PluginManage:310 - Check plugin thirdparty
2026-03-01 20:03:09,451 [INFO] PluginManage:359 - Loaded plugin thirdparty (category:base,tabindex:-1)
2026-03-01 20:03:09,451 [WARN] IntegrityCheckThread:84 - waiting for thirdparty lock release [integrity check]
2026-03-01 20:03:09,452 [INFO] IntegrityCheckThread:86 - entering critical section [integrity check]
2026-03-01 20:03:09,452 [INFO] PluginManage:310 - Check plugin tools
2026-03-01 20:03:09,452 [INFO] ThirdPartyUpdaterWithRetryManager:70 - Updater plugin not ready yet. [1/15]
2026-03-01 20:03:09,454 [INFO] PluginManage:359 - Loaded plugin tools (category:base,tabindex:7)
2026-03-01 20:03:09,454 [INFO] PluginManage:310 - Check plugin tutovideos
2026-03-01 20:03:09,592 [INFO] PluginManage:359 - Loaded plugin tutovideos (category:base,tabindex:-1)
2026-03-01 20:03:09,592 [INFO] PluginManage:310 - Check plugin updater
2026-03-01 20:03:09,613 [INFO] PluginManage:359 - Loaded plugin updater (category:base,tabindex:12)
2026-03-01 20:03:09,614 [INFO] PluginManage:310 - Check plugin userauth
2026-03-01 20:03:09,617 [INFO] UserAuth:118 - Init User Auth plugin
2026-03-01 20:03:09,618 [INFO] PluginManage:359 - Loaded plugin userauth (category:base,tabindex:14)
2026-03-01 20:03:09,618 [INFO] PluginManage:283 - PluginManage : Loaded plugins [18]
2026-03-01 20:03:09,737 [INFO] PinOutPanel:1589 - setPackage(No Configuration,No Configuration)
2026-03-01 20:03:09,779 [INFO] CADModel:165 - CPN selected for project level
2026-03-01 20:03:09,779 [INFO] CADModel:114 - Register for checkConnection events
2026-03-01 20:03:09,784 [INFO] IPUIPlugin:80 - create IPUIPlugin
2026-03-01 20:03:09,785 [INFO] PluginManager:220 - loadIPPluginJar : add dfsdm
2026-03-01 20:03:09,787 [INFO] IPUIPlugin:80 - create IPUIPlugin
2026-03-01 20:03:09,787 [INFO] PluginManager:220 - loadIPPluginJar : add extmemmanager
2026-03-01 20:03:09,789 [INFO] IPUIPlugin:80 - create IPUIPlugin
2026-03-01 20:03:09,789 [INFO] PluginManager:220 - loadIPPluginJar : add hash
2026-03-01 20:03:09,790 [INFO] IPUIPlugin:80 - create IPUIPlugin
2026-03-01 20:03:09,790 [INFO] PluginManager:220 - loadIPPluginJar : add i2s
2026-03-01 20:03:09,792 [INFO] IPUIPlugin:80 - create IPUIPlugin
2026-03-01 20:03:09,792 [INFO] PluginManager:220 - loadIPPluginJar : add ipddr
2026-03-01 20:03:09,793 [INFO] IPUIPlugin:80 - create IPUIPlugin
2026-03-01 20:03:09,794 [INFO] PluginManager:220 - loadIPPluginJar : add dma3
2026-03-01 20:03:09,795 [INFO] IPUIPlugin:80 - create IPUIPlugin
2026-03-01 20:03:09,795 [INFO] PluginManager:220 - loadIPPluginJar : add can
2026-03-01 20:03:09,796 [INFO] IPUIPlugin:80 - create IPUIPlugin
2026-03-01 20:03:09,796 [INFO] PluginManager:220 - loadIPPluginJar : add quadspi
2026-03-01 20:03:09,798 [INFO] IPUIPlugin:80 - create IPUIPlugin
2026-03-01 20:03:09,798 [INFO] PluginManager:220 - loadIPPluginJar : add i3c
2026-03-01 20:03:09,802 [INFO] IPUIPlugin:80 - create IPUIPlugin
2026-03-01 20:03:09,803 [INFO] PluginManager:220 - loadIPPluginJar : add stm32_wpan
2026-03-01 20:03:09,803 [INFO] IPUIPlugin:80 - create IPUIPlugin
2026-03-01 20:03:09,803 [INFO] PluginManager:220 - loadIPPluginJar : add genericplugin
2026-03-01 20:03:09,805 [INFO] IPUIPlugin:80 - create IPUIPlugin
2026-03-01 20:03:09,806 [INFO] PluginManager:220 - loadIPPluginJar : add gpio
2026-03-01 20:03:09,806 [INFO] IPUIPlugin:80 - create IPUIPlugin
2026-03-01 20:03:09,806 [INFO] PluginManager:220 - loadIPPluginJar : add ltdc
2026-03-01 20:03:09,807 [INFO] IPUIPlugin:80 - create IPUIPlugin
2026-03-01 20:03:09,807 [INFO] PluginManager:220 - loadIPPluginJar : add radio
2026-03-01 20:03:09,809 [INFO] IPUIPlugin:80 - create IPUIPlugin
2026-03-01 20:03:09,809 [INFO] PluginManager:220 - loadIPPluginJar : add resmgrutility
2026-03-01 20:03:09,810 [INFO] IPUIPlugin:80 - create IPUIPlugin
2026-03-01 20:03:09,810 [INFO] PluginManager:220 - loadIPPluginJar : add tim
2026-03-01 20:03:09,812 [INFO] IPUIPlugin:80 - create IPUIPlugin
2026-03-01 20:03:09,812 [INFO] PluginManager:220 - loadIPPluginJar : add pdm2pcm
2026-03-01 20:03:09,812 [INFO] IPUIPlugin:80 - create IPUIPlugin
2026-03-01 20:03:09,812 [INFO] PluginManager:220 - loadIPPluginJar : add fatfs
2026-03-01 20:03:09,814 [INFO] IPUIPlugin:80 - create IPUIPlugin
2026-03-01 20:03:09,814 [INFO] PluginManager:220 - loadIPPluginJar : add ddr_ctrl_phy
2026-03-01 20:03:09,817 [INFO] IPUIPlugin:80 - create IPUIPlugin
2026-03-01 20:03:09,819 [INFO] PluginManager:220 - loadIPPluginJar : add plateformsettings
2026-03-01 20:03:09,822 [INFO] IPUIPlugin:80 - create IPUIPlugin
2026-03-01 20:03:09,822 [INFO] PluginManager:220 - loadIPPluginJar : add adc
2026-03-01 20:03:09,824 [INFO] IPUIPlugin:80 - create IPUIPlugin
2026-03-01 20:03:09,824 [INFO] PluginManager:220 - loadIPPluginJar : add spi
2026-03-01 20:03:09,825 [INFO] IPUIPlugin:80 - create IPUIPlugin
2026-03-01 20:03:09,825 [INFO] PluginManager:220 - loadIPPluginJar : add lorawan
2026-03-01 20:03:09,829 [INFO] IPUIPlugin:80 - create IPUIPlugin
2026-03-01 20:03:09,829 [INFO] PluginManager:220 - loadIPPluginJar : add mdma
2026-03-01 20:03:09,831 [INFO] IPUIPlugin:80 - create IPUIPlugin
2026-03-01 20:03:09,831 [INFO] PluginManager:220 - loadIPPluginJar : add openamp
2026-03-01 20:03:09,832 [INFO] IPUIPlugin:80 - create IPUIPlugin
2026-03-01 20:03:09,833 [INFO] PluginManager:220 - loadIPPluginJar : add tsc
2026-03-01 20:03:09,834 [INFO] IPUIPlugin:80 - create IPUIPlugin
2026-03-01 20:03:09,834 [INFO] PluginManager:220 - loadIPPluginJar : add gtzc
2026-03-01 20:03:09,836 [INFO] IPUIPlugin:80 - create IPUIPlugin
2026-03-01 20:03:09,836 [INFO] PluginManager:220 - loadIPPluginJar : add usart
2026-03-01 20:03:09,837 [INFO] IPUIPlugin:80 - create IPUIPlugin
2026-03-01 20:03:09,837 [INFO] PluginManager:220 - loadIPPluginJar : add tracer_emb
2026-03-01 20:03:09,840 [INFO] IPUIPlugin:80 - create IPUIPlugin
2026-03-01 20:03:09,840 [INFO] PluginManager:220 - loadIPPluginJar : add fmc
2026-03-01 20:03:09,841 [INFO] IPUIPlugin:80 - create IPUIPlugin
2026-03-01 20:03:09,842 [INFO] PluginManager:220 - loadIPPluginJar : add gfxmmu
2026-03-01 20:03:09,843 [INFO] IPUIPlugin:80 - create IPUIPlugin
2026-03-01 20:03:09,843 [INFO] PluginManager:220 - loadIPPluginJar : add i2c
2026-03-01 20:03:09,845 [INFO] IPUIPlugin:80 - create IPUIPlugin
2026-03-01 20:03:09,845 [INFO] PluginManager:220 - loadIPPluginJar : add sai
2026-03-01 20:03:09,848 [INFO] IPUIPlugin:80 - create IPUIPlugin
2026-03-01 20:03:09,848 [INFO] PluginManager:220 - loadIPPluginJar : add gic
2026-03-01 20:03:09,852 [INFO] IPUIPlugin:80 - create IPUIPlugin
2026-03-01 20:03:09,853 [INFO] PluginManager:220 - loadIPPluginJar : add linkedlist
2026-03-01 20:03:09,854 [INFO] IPUIPlugin:80 - create IPUIPlugin
2026-03-01 20:03:09,854 [INFO] PluginManager:220 - loadIPPluginJar : add ucpd
2026-03-01 20:03:09,856 [INFO] IPUIPlugin:80 - create IPUIPlugin
2026-03-01 20:03:09,856 [INFO] PluginManager:220 - loadIPPluginJar : add usbx
2026-03-01 20:03:09,858 [INFO] IPUIPlugin:80 - create IPUIPlugin
2026-03-01 20:03:09,858 [INFO] PluginManager:220 - loadIPPluginJar : add nvic
2026-03-01 20:03:09,860 [INFO] IPUIPlugin:80 - create IPUIPlugin
2026-03-01 20:03:09,860 [INFO] PluginManager:220 - loadIPPluginJar : add opamp
2026-03-01 20:03:09,861 [INFO] IPUIPlugin:80 - create IPUIPlugin
2026-03-01 20:03:09,861 [INFO] PluginManager:220 - loadIPPluginJar : add ts
2026-03-01 20:03:09,865 [INFO] IPUIPlugin:80 - create IPUIPlugin
2026-03-01 20:03:09,865 [INFO] PluginManager:220 - loadIPPluginJar : add dma
2026-03-01 20:03:09,866 [INFO] IPUIPlugin:80 - create IPUIPlugin
2026-03-01 20:03:09,867 [INFO] PluginManager:220 - loadIPPluginJar : add aes
2026-03-01 20:03:09,868 [INFO] IPUIPlugin:80 - create IPUIPlugin
2026-03-01 20:03:09,868 [INFO] PluginManager:220 - loadIPPluginJar : add cryp
2026-03-01 20:03:09,869 [INFO] IPUIPlugin:80 - create IPUIPlugin
2026-03-01 20:03:09,869 [INFO] PluginManager:220 - loadIPPluginJar : add comp
2026-03-01 20:03:09,872 [INFO] IPUIPlugin:80 - create IPUIPlugin
2026-03-01 20:03:09,872 [INFO] PluginManager:220 - loadIPPluginJar : add touchsensing
2026-03-01 20:03:09,875 [INFO] IPUIPlugin:80 - create IPUIPlugin
2026-03-01 20:03:09,875 [INFO] PluginManager:220 - loadIPPluginJar : add freertos
2026-03-01 20:03:09,973 [FATAL] Updater:351 - Updater called before beeing initialized
2026-03-01 20:03:10,004 [INFO] RulesReader:64 - Compatibility file has been processed (317 Rules)
2026-03-01 20:03:10,015 [INFO] RulesReader:64 - Compatibility file has been processed (317 Rules)
2026-03-01 20:03:10,022 [INFO] CADModel:165 - CPN selected for project level
2026-03-01 20:03:10,022 [INFO] CADModel:114 - Register for checkConnection events
2026-03-01 20:03:10,022 [FATAL] Updater:351 - Updater called before beeing initialized
2026-03-01 20:03:10,022 [ERROR] CADModel:125 - Updater not yet initialized, retry later 
2026-03-01 20:03:10,138 [FATAL] Updater:351 - Updater called before beeing initialized
2026-03-01 20:03:10,139 [INFO] CADModel:165 - CPN selected for project level
2026-03-01 20:03:10,139 [INFO] CADModel:114 - Register for checkConnection events
2026-03-01 20:03:10,140 [FATAL] Updater:351 - Updater called before beeing initialized
2026-03-01 20:03:10,140 [ERROR] CADModel:125 - Updater not yet initialized, retry later 
2026-03-01 20:03:10,143 [FATAL] Updater:351 - Updater called before beeing initialized
2026-03-01 20:03:10,230 [FATAL] Updater:351 - Updater called before beeing initialized
2026-03-01 20:03:10,233 [INFO] DbMcusAds:53 - JSON generation date=Wed Feb 18 15:32:49 CET 2026 (1771425169665)
2026-03-01 20:03:10,233 [FATAL] Updater:351 - Updater called before beeing initialized
2026-03-01 20:03:10,262 [WARN] DetailPanel:346 - Failed to get advertising image, set to default
2026-03-01 20:03:10,323 [FATAL] Updater:351 - Updater called before beeing initialized
2026-03-01 20:03:10,324 [FATAL] Updater:351 - Updater called before beeing initialized
2026-03-01 20:03:10,324 [FATAL] Updater:351 - Updater called before beeing initialized
2026-03-01 20:03:10,324 [WARN] DetailPanel:346 - Failed to get advertising image, set to default
2026-03-01 20:03:10,325 [FATAL] Updater:351 - Updater called before beeing initialized
2026-03-01 20:03:10,356 [ERROR] Updater:1198 - MainUpdater not yet initialized. External WinMGr cannot be set.
2026-03-01 20:03:10,357 [INFO] Updater:1134 - Updater Version found : 6.15.0
2026-03-01 20:03:10,367 [INFO] ApplicationProperties:184 - Using Application install path: /opt/st/stm32cubeide_1.19.0/plugins/com.st.stm32cube.common.mx_6.15.0.202507011659
2026-03-01 20:03:10,376 [ERROR] LogOutputStream:75 - [STDERR_REDIRECT] Mar 01, 2026 8:03:10 PM java.util.prefs.FileSystemPreferences$2 run
2026-03-01 20:03:10,377 [ERROR] LogOutputStream:75 - [STDERR_REDIRECT] WARNING: Could not create system preferences directory. System preferences are unusable.
2026-03-01 20:03:10,377 [ERROR] LogOutputStream:75 - [STDERR_REDIRECT] 
2026-03-01 20:03:10,648 [INFO] MainUpdater:2872 - connection check result : 10
2026-03-01 20:03:10,649 [INFO] MainUpdater:289 - Updater Check For Update Now.
2026-03-01 20:03:10,649 [INFO] MicroXplorer:498 - Change Database Version : DB.6.0.150
2026-03-01 20:03:10,653 [INFO] McuFinderGlobals:63 - Set McuFinder mode to 2 (CubeIDE integrated)
2026-03-01 20:03:10,653 [INFO] UserAuth:487 - Internet connection configuration mode: 1
2026-03-01 20:03:10,663 [INFO] JxBrowserEngine:152 - Initiate JxBrowser Engine with user profile folder
2026-03-01 20:03:10,855 [INFO] CheckServerUpdateThread:120 - End of CheckServer Thread
2026-03-01 20:03:11,169 [INFO] WebApp:169 - Instantiating new browser for Auth
2026-03-01 20:03:11,703 [INFO] WebApp:463 - Apply proxy settings
2026-03-01 20:03:11,703 [INFO] WebApp:548 - Chromium requires no authentication
2026-03-01 20:03:11,708 [INFO] WebApp:491 - Direct internet connection detected
2026-03-01 20:03:11,722 [INFO] WebApp:900 - Register for checkConnection events
2026-03-01 20:03:11,722 [INFO] WebApp:463 - Apply proxy settings
2026-03-01 20:03:11,722 [INFO] WebApp:548 - Chromium requires no authentication
2026-03-01 20:03:11,722 [INFO] WebApp:491 - Direct internet connection detected
2026-03-01 20:03:11,814 [INFO] WebApp:225 - Starting web application
2026-03-01 20:03:11,814 [INFO] WebApp:593 - Web application path used /opt/st/stm32cubeide_1.19.0/plugins/com.st.stm32cube.common.mx_6.15.0.202507011659/db/plugins/mcufinder/reactClient1/index.html
2026-03-01 20:03:11,886 [INFO] UserAuth:487 - Internet connection configuration mode: 1
2026-03-01 20:03:12,026 [INFO] WebApp:191 - Connection restablished
2026-03-01 20:03:12,585 [WARN] PackLoader:240 - Cannot read IP mode file for STMicroelectronics.FP-SNS-MOTENVWB1.1.4.0
2026-03-01 20:03:12,592 [WARN] PackLoader:240 - Cannot read IP mode file for STMicroelectronics.FP-ATR-ASTRA1.2.0.2
2026-03-01 20:03:12,600 [WARN] PackLoader:240 - Cannot read IP mode file for STMicroelectronics.X-CUBE-SMBUS.2.1.0
2026-03-01 20:03:12,605 [WARN] PackLoader:240 - Cannot read IP mode file for STMicroelectronics.X-CUBE-ST60.1.0.0
2026-03-01 20:03:12,647 [WARN] PackLoader:240 - Cannot read IP mode file for STMicroelectronics.X-CUBE-AZRTOS-F7.1.1.0
2026-03-01 20:03:12,658 [WARN] PackLoader:240 - Cannot read IP mode file for STMicroelectronics.FP-SNS-MOTENV1.5.1.0
2026-03-01 20:03:12,671 [WARN] PackLoader:240 - Cannot read IP mode file for WES.I-CUBE-Cesium.1.4.0
2026-03-01 20:03:12,697 [WARN] PackLoader:240 - Cannot read IP mode file for Infineon.AIROC-Wi-Fi-Bluetooth-STM32.1.7.1
2026-03-01 20:03:12,724 [WARN] PackLoader:240 - Cannot read IP mode file for STMicroelectronics.X-CUBE-AZRTOS-H7.3.4.0
2026-03-01 20:03:12,732 [WARN] PackLoader:240 - Cannot read IP mode file for STMicroelectronics.X-CUBE-DISPLAY.3.0.0
2026-03-01 20:03:12,738 [WARN] PackLoader:240 - Cannot read IP mode file for STMicroelectronics.FP-SNS-MOTENVWB1.1.5.0
2026-03-01 20:03:12,743 [WARN] PackLoader:240 - Cannot read IP mode file for STMicroelectronics.X-CUBE-NFC10.1.0.0
2026-03-01 20:03:12,747 [WARN] PackLoader:240 - Cannot read IP mode file for STMicroelectronics.X-CUBE-ST60.1.1.0
2026-03-01 20:03:12,760 [WARN] PackLoader:240 - Cannot read IP mode file for emotas.I-CUBE-CANOPEN.1.3.0
2026-03-01 20:03:12,763 [WARN] PackLoader:240 - Cannot read IP mode file for STMicroelectronics.X-CUBE-GNSS1.7.1.0
2026-03-01 20:03:12,769 [WARN] PackLoader:240 - Cannot read IP mode file for STMicroelectronics.FP-SNS-SMARTAG2.1.2.0
2026-03-01 20:03:12,771 [WARN] PackLoader:240 - Cannot read IP mode file for STMicroelectronics.FP-SNS-FLIGHT1.5.1.0
2026-03-01 20:03:12,778 [INFO] LogOutputStream:77 - [STDOUT_REDIRECT] 1 : Invalid condition id : UX_CORESTACK_Condition cause : null
2026-03-01 20:03:12,779 [INFO] LogOutputStream:77 - [STDOUT_REDIRECT] 1 : Invalid condition id : UX_CORESTACK_Condition cause : null
2026-03-01 20:03:12,779 [INFO] LogOutputStream:77 - [STDOUT_REDIRECT] 1 : Invalid condition id : UX_CORESTACK_Condition cause : null
2026-03-01 20:03:12,780 [INFO] LogOutputStream:77 - [STDOUT_REDIRECT] 1 : Invalid condition id : UX_CORESTACK_Condition cause : null
2026-03-01 20:03:12,780 [INFO] LogOutputStream:77 - [STDOUT_REDIRECT] 1 : Invalid condition id : UX_CORESTACK_Condition cause : null
2026-03-01 20:03:12,784 [WARN] PackLoader:240 - Cannot read IP mode file for STMicroelectronics.X-CUBE-AZRTOS-WL.2.0.0
2026-03-01 20:03:12,790 [WARN] PackLoader:240 - Cannot read IP mode file for STMicroelectronics.FP-SNS-MOTENV1.5.0.0
2026-03-01 20:03:12,808 [WARN] PackLoader:240 - Cannot read IP mode file for STMicroelectronics.X-CUBE-AZRTOS-H7RS.1.2.0
2026-03-01 20:03:12,813 [WARN] PackLoader:240 - Cannot read IP mode file for STMicroelectronics.X-CUBE-BLE2.3.3.0
2026-03-01 20:03:12,827 [WARN] PackLoader:240 - Cannot read IP mode file for STMicroelectronics.X-CUBE-NFC9.1.0.0
2026-03-01 20:03:12,830 [WARN] PackLoader:240 - Cannot read IP mode file for wolfSSL.I-CUBE-wolfSSL.5.8.2
2026-03-01 20:03:12,834 [WARN] PackLoader:240 - Cannot read IP mode file for STMicroelectronics.X-CUBE-BLE1.7.1.0
2026-03-01 20:03:12,836 [WARN] PackLoader:240 - Cannot read IP mode file for wolfSSL.I-CUBE-wolfMQTT.1.19.2
2026-03-01 20:03:12,839 [WARN] PackLoader:240 - Cannot read IP mode file for STMicroelectronics.X-CUBE-FREERTOS.1.4.0
2026-03-01 20:03:12,843 [WARN] PackLoader:240 - Cannot read IP mode file for STMicroelectronics.X-CUBE-ST67W61.1.1.0
2026-03-01 20:03:12,846 [WARN] PackLoader:240 - Cannot read IP mode file for STMicroelectronics.X-CUBE-AI.10.1.0
2026-03-01 20:03:12,877 [WARN] PackLoader:240 - Cannot read IP mode file for STMicroelectronics.X-CUBE-MEMS1.12.0.0
2026-03-01 20:03:13,002 [WARN] PackLoader:240 - Cannot read IP mode file for STMicroelectronics.X-CUBE-AZRTOS-G0.1.1.0
2026-03-01 20:03:13,011 [WARN] PackLoader:240 - Cannot read IP mode file for STMicroelectronics.X-CUBE-SAFEA1.1.2.2
2026-03-01 20:03:13,017 [WARN] PackLoader:240 - Cannot read IP mode file for STMicroelectronics.X-CUBE-NFC4.3.0.0
2026-03-01 20:03:13,027 [WARN] PackLoader:240 - Cannot read IP mode file for EmbeddedOffice.I-CUBE-FS-RTOS.1.0.1
2026-03-01 20:03:13,033 [WARN] PackLoader:240 - Cannot read IP mode file for STMicroelectronics.X-CUBE-WB05N.2.0.0
2026-03-01 20:03:13,037 [WARN] PackLoader:240 - Cannot read IP mode file for wolfSSL.I-CUBE-wolfTPM.3.8.0
2026-03-01 20:03:13,045 [WARN] PackLoader:240 - Cannot read IP mode file for STMicroelectronics.X-CUBE-TCPP.4.2.0
2026-03-01 20:03:13,053 [WARN] PackLoader:240 - Cannot read IP mode file for RealThread.X-CUBE-RT-Thread_Nano.4.1.1
2026-03-01 20:03:13,057 [WARN] PackLoader:240 - Cannot read IP mode file for STMicroelectronics.FP-ATR-SIGFOX1.3.2.0
2026-03-01 20:03:13,063 [WARN] PackLoader:240 - Cannot read IP mode file for ITTIA_DB.I-CUBE-ITTIADB.8.9.0
2026-03-01 20:03:13,071 [WARN] PackLoader:240 - Cannot read IP mode file for STMicroelectronics.X-CUBE-NFC6.3.2.0
2026-03-01 20:03:13,081 [WARN] PackLoader:240 - Cannot read IP mode file for STMicroelectronics.X-CUBE-ST67W61.1.0.0
2026-03-01 20:03:13,141 [WARN] PackLoader:240 - Cannot read IP mode file for SEGGER.I-CUBE-embOS.1.3.1
2026-03-01 20:03:13,205 [WARN] PackLoader:240 - Cannot read IP mode file for STMicroelectronics.X-CUBE-ALGOBUILD.1.4.0
2026-03-01 20:03:13,273 [WARN] PackLoader:240 - Cannot read IP mode file for STMicroelectronics.X-CUBE-MEMS1.11.3.0
2026-03-01 20:03:13,422 [WARN] PackLoader:240 - Cannot read IP mode file for STMicroelectronics.X-CUBE-PM33A1.1.0.0
2026-03-01 20:03:13,441 [WARN] PackLoader:240 - Cannot read IP mode file for STMicroelectronics.X-CUBE-AZRTOS-F4.1.1.0
2026-03-01 20:03:13,446 [WARN] PackLoader:240 - Cannot read IP mode file for Avnet-IotConnect.X-CUBE-IoTC-DA16k-PMOD.1.0.0
2026-03-01 20:03:13,449 [WARN] PackLoader:240 - Cannot read IP mode file for STMicroelectronics.X-CUBE-ISPU.2.1.0
2026-03-01 20:03:13,463 [WARN] PackLoader:240 - Cannot read IP mode file for STMicroelectronics.X-CUBE-IPS.3.2.0
2026-03-01 20:03:13,487 [WARN] PackLoader:240 - Cannot read IP mode file for STMicroelectronics.X-CUBE-AZRTOS-L5.2.0.0
2026-03-01 20:03:13,496 [WARN] PackLoader:240 - Cannot read IP mode file for STMicroelectronics.X-CUBE-NFC6.3.1.0
2026-03-01 20:03:13,502 [WARN] PackLoader:240 - Cannot read IP mode file for STMicroelectronics.X-CUBE-FREERTOS.1.3.1
2026-03-01 20:03:13,506 [WARN] PackLoader:240 - Cannot read IP mode file for STMicroelectronics.X-CUBE-TOUCHGFX.4.26.0
2026-03-01 20:03:13,510 [WARN] PackLoader:240 - Cannot read IP mode file for STMicroelectronics.X-CUBE-DPower.1.3.0
2026-03-01 20:03:13,535 [WARN] ConditionMgr:438 - getConditionDescription Invalid condition id : LAN8742 Phy interface Condition cause : null
2026-03-01 20:03:13,535 [WARN] PackLoader:240 - Cannot read IP mode file for STMicroelectronics.X-CUBE-AZRTOS-L4.2.0.0
2026-03-01 20:03:13,537 [WARN] ConditionMgr:1044 - genDependencies : Invalid condition id : LAN8742 Phy interface Condition cause : null
2026-03-01 20:03:13,537 [WARN] ConditionMgr:1044 - genDependencies : Invalid condition id : LAN8742 Phy interface Condition cause : null
2026-03-01 20:03:13,538 [WARN] ConditionMgr:1044 - genDependencies : Invalid condition id : LAN8742 Phy interface Condition cause : null
2026-03-01 20:03:13,544 [WARN] PackLoader:240 - Cannot read IP mode file for STMicroelectronics.X-CUBE-SFXS2LP1.4.0.0
2026-03-01 20:03:13,551 [WARN] PackLoader:240 - Cannot read IP mode file for STMicroelectronics.X-CUBE-ST67W61.1.2.0
2026-03-01 20:03:13,564 [WARN] ConditionMgr:438 - getConditionDescription Invalid condition id : UX DEVICE CLASS RTOS Condition cause : null
2026-03-01 20:03:13,564 [WARN] ConditionMgr:438 - getConditionDescription Invalid condition id : UX DEVICE CLASS RTOS Condition cause : null
2026-03-01 20:03:13,567 [WARN] PackLoader:240 - Cannot read IP mode file for STMicroelectronics.X-CUBE-AZRTOS-WB.2.0.0
2026-03-01 20:03:13,568 [WARN] ConditionMgr:1044 - genDependencies : Invalid condition id : UX DEVICE CLASS RTOS Condition cause : null
2026-03-01 20:03:13,568 [WARN] ConditionMgr:1044 - genDependencies : Invalid condition id : UX DEVICE CLASS RTOS Condition cause : null
2026-03-01 20:03:13,569 [WARN] ConditionMgr:1044 - genDependencies : Invalid condition id : UX DEVICE CLASS RTOS Condition cause : null
2026-03-01 20:03:13,569 [WARN] ConditionMgr:1044 - genDependencies : Invalid condition id : UX DEVICE CLASS RTOS Condition cause : null
2026-03-01 20:03:13,569 [WARN] ConditionMgr:1044 - genDependencies : Invalid condition id : UX DEVICE CLASS RTOS Condition cause : null
2026-03-01 20:03:13,574 [WARN] PackLoader:240 - Cannot read IP mode file for STMicroelectronics.X-CUBE-GNSS1.7.0.1
2026-03-01 20:03:13,577 [WARN] PackLoader:240 - Cannot read IP mode file for STMicroelectronics.X-CUBE-TOUCHGFX.4.25.0
2026-03-01 20:03:13,582 [WARN] PackLoader:240 - Cannot read IP mode file for STMicroelectronics.FP-SNS-STBOX1.2.0.0
2026-03-01 20:03:13,587 [WARN] ConditionMgr:438 - getConditionDescription Invalid condition id : Cortex-A Device cause : null
2026-03-01 20:03:13,593 [WARN] ConditionMgr:1044 - genDependencies : Invalid condition id : Cortex-A Device cause : null
2026-03-01 20:03:13,593 [WARN] ConditionMgr:1044 - genDependencies : Invalid condition id : Cortex-A Device cause : null
2026-03-01 20:03:13,594 [WARN] ConditionMgr:1044 - genDependencies : Invalid condition id : Cortex-A Device cause : null
2026-03-01 20:03:13,600 [WARN] PackLoader:240 - Cannot read IP mode file for STMicroelectronics.X-CUBE-STSE01.2.0.0
2026-03-01 20:03:13,611 [WARN] PackLoader:240 - Cannot read IP mode file for STMicroelectronics.X-CUBE-SUBG2.5.0.0
2026-03-01 20:03:13,632 [WARN] PackLoader:240 - Cannot read IP mode file for STMicroelectronics.X-CUBE-AZRTOS-H7RS.1.1.0
2026-03-01 20:03:13,636 [WARN] PackLoader:240 - Cannot read IP mode file for Cesanta.I-CUBE-Mongoose.7.13.0
2026-03-01 20:03:13,644 [WARN] PackLoader:240 - Cannot read IP mode file for STMicroelectronics.X-CUBE-AZRTOS-G4.2.0.0
2026-03-01 20:03:13,647 [WARN] PackLoader:240 - Cannot read IP mode file for wolfSSL.I-CUBE-wolfSSH.1.4.20
2026-03-01 20:03:13,651 [WARN] PackLoader:240 - Cannot read IP mode file for STMicroelectronics.X-CUBE-NFC7.2.0.0
2026-03-01 20:03:13,659 [WARN] PackLoader:240 - Cannot read IP mode file for STMicroelectronics.X-CUBE-IPS.3.1.0
2026-03-01 20:03:13,666 [WARN] PackLoader:240 - Cannot read IP mode file for STMicroelectronics.X-CUBE-ALS.1.0.2
2026-03-01 20:03:13,671 [WARN] PackLoader:240 - Cannot read IP mode file for STMicroelectronics.X-CUBE-STSE01.1.0.0
2026-03-01 20:03:13,681 [WARN] PackLoader:240 - Cannot read IP mode file for STMicroelectronics.X-CUBE-TOF1.3.4.3
2026-03-01 20:03:13,691 [INFO] ThirdParty:978 - Integrity check success = true
2026-03-01 20:03:13,691 [INFO] IntegrityCheckThread:100 - exiting critical section [integrity check]
2026-03-01 20:03:13,691 [INFO] IntegrityCheckThread:103 - End integrity checks thread
2026-03-01 20:03:37,045 [ERROR] LogOutputStream:75 - [STDERR_REDIRECT] Mar 01, 2026 8:03:37 PM java.util.prefs.FileSystemPreferences checkLockFile0ErrorCode
2026-03-01 20:03:37,045 [ERROR] LogOutputStream:75 - [STDERR_REDIRECT] WARNING: Could not lock System prefs. Unix error code 2.
2026-03-01 20:03:37,045 [ERROR] LogOutputStream:75 - [STDERR_REDIRECT] 
2026-03-01 20:03:37,046 [ERROR] LogOutputStream:75 - [STDERR_REDIRECT] Mar 01, 2026 8:03:37 PM java.util.prefs.FileSystemPreferences syncWorld
2026-03-01 20:03:37,046 [ERROR] LogOutputStream:75 - [STDERR_REDIRECT] WARNING: Couldn't flush system prefs: java.util.prefs.BackingStoreException: Couldn't get file lock.
2026-03-01 20:03:37,046 [ERROR] LogOutputStream:75 - [STDERR_REDIRECT] 
2026-03-01 20:04:07,036 [ERROR] LogOutputStream:75 - [STDERR_REDIRECT] Mar 01, 2026 8:04:07 PM java.util.prefs.FileSystemPreferences checkLockFile0ErrorCode
2026-03-01 20:04:07,036 [ERROR] LogOutputStream:75 - [STDERR_REDIRECT] WARNING: Could not lock System prefs. Unix error code 2.
2026-03-01 20:04:07,036 [ERROR] LogOutputStream:75 - [STDERR_REDIRECT] 
2026-03-01 20:04:07,037 [ERROR] LogOutputStream:75 - [STDERR_REDIRECT] Mar 01, 2026 8:04:07 PM java.util.prefs.FileSystemPreferences syncWorld
2026-03-01 20:04:07,037 [ERROR] LogOutputStream:75 - [STDERR_REDIRECT] WARNING: Couldn't flush system prefs: java.util.prefs.BackingStoreException: Couldn't get file lock.
2026-03-01 20:04:07,037 [ERROR] LogOutputStream:75 - [STDERR_REDIRECT] 
2026-03-01 20:04:37,038 [ERROR] LogOutputStream:75 - [STDERR_REDIRECT] Mar 01, 2026 8:04:37 PM java.util.prefs.FileSystemPreferences checkLockFile0ErrorCode
2026-03-01 20:04:37,039 [ERROR] LogOutputStream:75 - [STDERR_REDIRECT] WARNING: Could not lock System prefs. Unix error code 2.
2026-03-01 20:04:37,040 [ERROR] LogOutputStream:75 - [STDERR_REDIRECT] 
2026-03-01 20:04:37,041 [ERROR] LogOutputStream:75 - [STDERR_REDIRECT] Mar 01, 2026 8:04:37 PM java.util.prefs.FileSystemPreferences syncWorld
2026-03-01 20:04:37,042 [ERROR] LogOutputStream:75 - [STDERR_REDIRECT] WARNING: Couldn't flush system prefs: java.util.prefs.BackingStoreException: Couldn't get file lock.
2026-03-01 20:04:37,042 [ERROR] LogOutputStream:75 - [STDERR_REDIRECT] 
2026-03-01 20:05:07,037 [ERROR] LogOutputStream:75 - [STDERR_REDIRECT] Mar 01, 2026 8:05:07 PM java.util.prefs.FileSystemPreferences checkLockFile0ErrorCode
2026-03-01 20:05:07,037 [ERROR] LogOutputStream:75 - [STDERR_REDIRECT] WARNING: Could not lock System prefs. Unix error code 2.
2026-03-01 20:05:07,038 [ERROR] LogOutputStream:75 - [STDERR_REDIRECT] 
2026-03-01 20:05:07,039 [ERROR] LogOutputStream:75 - [STDERR_REDIRECT] Mar 01, 2026 8:05:07 PM java.util.prefs.FileSystemPreferences syncWorld
2026-03-01 20:05:07,039 [ERROR] LogOutputStream:75 - [STDERR_REDIRECT] WARNING: Couldn't flush system prefs: java.util.prefs.BackingStoreException: Couldn't get file lock.
2026-03-01 20:05:07,040 [ERROR] LogOutputStream:75 - [STDERR_REDIRECT] 
2026-03-01 20:05:37,037 [ERROR] LogOutputStream:75 - [STDERR_REDIRECT] Mar 01, 2026 8:05:37 PM java.util.prefs.FileSystemPreferences checkLockFile0ErrorCode
2026-03-01 20:05:37,037 [ERROR] LogOutputStream:75 - [STDERR_REDIRECT] WARNING: Could not lock System prefs. Unix error code 2.
2026-03-01 20:05:37,037 [ERROR] LogOutputStream:75 - [STDERR_REDIRECT] 
2026-03-01 20:05:37,038 [ERROR] LogOutputStream:75 - [STDERR_REDIRECT] Mar 01, 2026 8:05:37 PM java.util.prefs.FileSystemPreferences syncWorld
2026-03-01 20:05:37,038 [ERROR] LogOutputStream:75 - [STDERR_REDIRECT] WARNING: Couldn't flush system prefs: java.util.prefs.BackingStoreException: Couldn't get file lock.
2026-03-01 20:05:37,038 [ERROR] LogOutputStream:75 - [STDERR_REDIRECT] 
2026-03-01 20:05:44,489 [ERROR] LogOutputStream:75 - [STDERR_REDIRECT] 
2026-03-01 20:05:44,491 [ERROR] LogOutputStream:75 - [STDERR_REDIRECT] 
